// Jest Snapshot v1, https://goo.gl/fbAQLP

exports[`button renders correctly 1`] = `
<View
  accessible={true}
  focusable={true}
  onClick={[Function]}
  onResponderGrant={[Function]}
  onResponderMove={[Function]}
  onResponderRelease={[Function]}
  onResponderTerminate={[Function]}
  onResponderTerminationRequest={[Function]}
  onStartShouldSetResponder={[Function]}
  style={
    Object {
      "minWidth": 360,
      "opacity": 1,
    }
  }
>
  <View
    style={
      Object {
        "backgroundColor": "#476A6F",
        "borderRadius": 5,
        "paddingHorizontal": 10,
        "paddingVertical": 14,
      }
    }
  >
    <Text
      style={
        Object {
          "color": "#FFFFFF",
          "fontFamily": "Roboto",
          "fontSize": 18,
          "fontWeight": "bold",
          "textAlign": "center",
          "textTransform": "uppercase",
        }
      }
    >
      Test Button
    </Text>
  </View>
</View>
`;
